[dotenv@17.2.3] injecting env (4) from .env -- tip: ≡ƒöÉ encrypt with Dotenvx: https://dotenvx.com

Running 1 test using 1 worker

[dotenv@17.2.3] injecting env (0) from .env -- tip: ≡ƒôí add observability to secrets: https://dotenvx.com/ops
≡ƒùæ∩╕Å  Cleared all users

≡ƒÜÇ Starting Dmoney API Automation...

≡ƒöÉ Authenticating...
≡ƒöÉ Successfully logged in as: salman@roadtocareer.net

≡ƒôï Step 1: Creating 2 customers...
Γ£à Saved Customer: Ellen Goodwin Sr. (01500275898)
Γ£à Created Customer: Ellen Goodwin Sr. | Phone: 01500275898
Γ£à Saved Customer: Audrey Williamson (01500410172)
Γ£à Created Customer: Audrey Williamson | Phone: 01500410172

≡ƒôï Step 2: Creating 1 agent...
Γ£à Saved Agent: Carl Kilback (01600037272)
Γ£à Created Agent: Carl Kilback | Phone: 01600037272

≡ƒôï Step 3: Creating 1 merchant...
Γ£à Saved Merchant: Preston Feest (01700537766)
Γ£à Created Merchant: Preston Feest | Phone: 01700537766

≡ƒôï Step 4: System ΓåÆ Agent (2000 TK)...
≡ƒÆ░ Deposit: SYSTEM ΓåÆ 01600037272 | Amount: 2000 TK

≡ƒôï Step 5: Agent ΓåÆ Customer1 Deposit (1500 TK)...
≡ƒÆ░ Deposit: 01600037272 ΓåÆ 01500275898 | Amount: 1500 TK

≡ƒôï Step 6: Customer1 ΓåÆ Agent Withdraw (500 TK)...
≡ƒÅº Withdraw: 01500275898 ΓåÆ 01600037272 | Amount: 500 TK

≡ƒôï Step 7: Customer1 ΓåÆ Customer2 Send Money (500 TK)...
≡ƒôñ Send Money: 01500275898 ΓåÆ 01500410172 | Amount: 500 TK

≡ƒôï Step 8: Customer2 ΓåÆ Merchant Payment (100 TK)...
≡ƒÆ│ Payment: 01500410172 ΓåÆ 01700537766 | Amount: 100 TK

≡ƒôï Step 9: Checking Customer2 balance...
≡ƒÆ╡ Balance for 01500410172: 395 TK

Γ£à Running final assertions...
Γ£à Customer2 balance verified: 395 TK (including 5 TK fee)

≡ƒÄë All tests passed successfully!

  Γ£ô  1 tests\dmoney.spec.ts:12:9 ΓÇ║ Dmoney API Automation - Complete Transaction Flow ΓÇ║ Complete Dmoney transaction flow with all requirements (6.2s)

  1 passed (7.9s)
